// Jest Snapshot v1, https://goo.gl/fbAQLP

exports[`Display renders correclty 1`] = `[Function]`;
